0 verbose cli F:\Node js\node.exe C:\Users\prane\AppData\Roaming\npm\node_modules\npm\bin\npm-cli.js
1 info using npm@11.14.1
2 info using node@v20.19.4
3 silly config load:file:C:\Users\prane\AppData\Roaming\npm\node_modules\npm\npmrc
4 silly config load:file:D:\BPA-main\.npmrc
5 silly config load:file:C:\Users\prane\.npmrc
6 silly config load:file:C:\Users\prane\AppData\Roaming\npm\etc\npmrc
7 verbose title npm install @dnd-kit/core @dnd-kit/sortable @dnd-kit/utilities react-hot-toast
8 verbose argv "install" "@dnd-kit/core" "@dnd-kit/sortable" "@dnd-kit/utilities" "react-hot-toast" "--cache" ".npm-cache"
9 verbose logfile logs-max:10 dir:D:\BPA-main\.npm-cache\_logs\2026-08-10T17_16_17_078Z-
10 verbose logfile D:\BPA-main\.npm-cache\_logs\2026-08-10T17_16_17_078Z-debug-0.log
11 silly logfile done cleaning log files
12 silly packumentCache heap:2197815296 maxSize:549453824 maxEntrySize:274726912
13 silly idealTree buildDeps
14 silly fetch manifest @dnd-kit/core@*
15 silly packumentCache full:https://registry.npmjs.org/@dnd-kit%2fcore cache-miss
16 http fetch GET 200 https://registry.npmjs.org/npm 1587ms
17 http fetch GET 200 https://registry.npmjs.org/@dnd-kit%2fcore 976ms (cache miss)
18 silly packumentCache full:https://registry.npmjs.org/@dnd-kit%2fcore set size:undefined disposed:false
19 silly fetch manifest @dnd-kit/sortable@*
20 silly packumentCache full:https://registry.npmjs.org/@dnd-kit%2fsortable cache-miss
21 http fetch GET 200 https://registry.npmjs.org/@dnd-kit%2fsortable 659ms (cache miss)
22 silly packumentCache full:https://registry.npmjs.org/@dnd-kit%2fsortable set size:undefined disposed:false
23 silly fetch manifest @dnd-kit/utilities@*
24 silly packumentCache full:https://registry.npmjs.org/@dnd-kit%2futilities cache-miss
25 http fetch GET 200 https://registry.npmjs.org/@dnd-kit%2futilities 157ms (cache miss)
26 silly packumentCache full:https://registry.npmjs.org/@dnd-kit%2futilities set size:undefined disposed:false
27 silly fetch manifest react-hot-toast@*
28 silly packumentCache full:https://registry.npmjs.org/react-hot-toast cache-miss
29 http fetch GET 200 https://registry.npmjs.org/react-hot-toast 1456ms (cache miss)
30 silly packumentCache full:https://registry.npmjs.org/react-hot-toast set size:undefined disposed:false
31 silly placeDep ROOT @dnd-kit/core@6.3.1 OK for: out-out@0.0.1 want: *
32 silly placeDep ROOT @dnd-kit/sortable@10.0.0 OK for: out-out@0.0.1 want: *
33 silly placeDep ROOT @dnd-kit/utilities@3.2.2 OK for: out-out@0.0.1 want: *
34 silly placeDep ROOT react-hot-toast@2.6.0 OK for: out-out@0.0.1 want: *
35 silly fetch manifest @dnd-kit/accessibility@^3.1.1
36 silly packumentCache full:https://registry.npmjs.org/@dnd-kit%2faccessibility cache-miss
37 silly fetch manifest @dnd-kit/utilities@^3.2.2
38 silly packumentCache full:https://registry.npmjs.org/@dnd-kit%2futilities cache-miss
39 silly fetch manifest @dnd-kit/utilities@^3.2.2
40 silly packumentCache full:https://registry.npmjs.org/@dnd-kit%2futilities cache-miss
41 silly fetch manifest goober@^2.1.16
42 silly packumentCache full:https://registry.npmjs.org/goober cache-miss
43 http cache https://registry.npmjs.org/@dnd-kit%2futilities 26ms (cache hit)
44 silly packumentCache full:https://registry.npmjs.org/@dnd-kit%2futilities set size:247103 disposed:false
45 http cache https://registry.npmjs.org/@dnd-kit%2futilities 38ms (cache hit)
46 silly packumentCache full:https://registry.npmjs.org/@dnd-kit%2futilities set size:247103 disposed:false
47 silly packumentCache full:https://registry.npmjs.org/@dnd-kit%2futilities dispose
48 http fetch GET 200 https://registry.npmjs.org/@dnd-kit%2faccessibility 128ms (cache miss)
49 silly packumentCache full:https://registry.npmjs.org/@dnd-kit%2faccessibility set size:undefined disposed:false
50 http fetch GET 200 https://registry.npmjs.org/goober 386ms (cache miss)
51 silly packumentCache full:https://registry.npmjs.org/goober set size:undefined disposed:false
52 silly placeDep ROOT @dnd-kit/accessibility@3.1.1 OK for: @dnd-kit/core@6.3.1 want: ^3.1.1
53 silly placeDep ROOT goober@2.1.19 OK for: react-hot-toast@2.6.0 want: ^2.1.16
54 silly reify moves {}
55 silly audit bulk request {
55 silly audit   '@alloc/quick-lru': [ '5.2.0' ],
55 silly audit   '@astrojs/compiler': [ '2.13.1' ],
55 silly audit   '@astrojs/internal-helpers': [ '0.7.6', '0.10.2' ],
55 silly audit   '@astrojs/markdown-remark': [ '6.3.11' ],
55 silly audit   '@astrojs/prism': [ '3.3.0' ],
55 silly audit   '@astrojs/react': [ '4.4.2' ],
55 silly audit   '@astrojs/tailwind': [ '5.1.5' ],
55 silly audit   '@astrojs/telemetry': [ '3.3.0' ],
55 silly audit   '@astrojs/vercel': [ '11.0.4' ],
55 silly audit   '@esbuild/aix-ppc64': [ '0.28.1', '0.27.5', '0.25.12' ],
55 silly audit   '@esbuild/android-arm': [ '0.28.1', '0.27.5', '0.25.12' ],
55 silly audit   '@esbuild/android-arm64': [ '0.28.1', '0.27.5', '0.25.12' ],
55 silly audit   '@esbuild/android-x64': [ '0.28.1', '0.27.5', '0.25.12' ],
55 silly audit   '@esbuild/darwin-arm64': [ '0.28.1', '0.27.5', '0.25.12' ],
55 silly audit   '@esbuild/darwin-x64': [ '0.28.1', '0.27.5', '0.25.12' ],
55 silly audit   '@esbuild/freebsd-arm64': [ '0.28.1', '0.27.5', '0.25.12' ],
55 silly audit   '@esbuild/freebsd-x64': [ '0.28.1', '0.27.5', '0.25.12' ],
55 silly audit   '@esbuild/linux-arm': [ '0.28.1', '0.27.5', '0.25.12' ],
55 silly audit   '@esbuild/linux-arm64': [ '0.28.1', '0.27.5', '0.25.12' ],
55 silly audit   '@esbuild/linux-ia32': [ '0.28.1', '0.27.5', '0.25.12' ],
55 silly audit   '@esbuild/linux-loong64': [ '0.28.1', '0.27.5', '0.25.12' ],
55 silly audit   '@esbuild/linux-mips64el': [ '0.28.1', '0.27.5', '0.25.12' ],
55 silly audit   '@esbuild/linux-ppc64': [ '0.28.1', '0.27.5', '0.25.12' ],
55 silly audit   '@esbuild/linux-riscv64': [ '0.28.1', '0.27.5', '0.25.12' ],
55 silly audit   '@esbuild/linux-s390x': [ '0.28.1', '0.27.5', '0.25.12' ],
55 silly audit   '@esbuild/linux-x64': [ '0.28.1', '0.27.5', '0.25.12' ],
55 silly audit   '@esbuild/netbsd-arm64': [ '0.28.1', '0.27.5', '0.25.12' ],
55 silly audit   '@esbuild/netbsd-x64': [ '0.28.1', '0.27.5', '0.25.12' ],
55 silly audit   '@esbuild/openbsd-arm64': [ '0.28.1', '0.27.5', '0.25.12' ],
55 silly audit   '@esbuild/openbsd-x64': [ '0.28.1', '0.27.5', '0.25.12' ],
55 silly audit   '@esbuild/openharmony-arm64': [ '0.28.1', '0.27.5', '0.25.12' ],
55 silly audit   '@esbuild/sunos-x64': [ '0.28.1', '0.27.5', '0.25.12' ],
55 silly audit   '@esbuild/win32-arm64': [ '0.28.1', '0.27.5', '0.25.12' ],
55 silly audit   '@esbuild/win32-ia32': [ '0.28.1', '0.27.5', '0.25.12' ],
55 silly audit   '@esbuild/win32-x64': [ '0.28.1', '0.27.5', '0.25.12' ],
55 silly audit   '@shikijs/core': [ '4.4.2', '3.23.0' ],
55 silly audit   '@shikijs/engine-javascript': [ '4.4.2', '3.23.0' ],
55 silly audit   '@shikijs/engine-oniguruma': [ '4.4.2', '3.23.0' ],
55 silly audit   '@shikijs/langs': [ '4.4.2', '3.23.0' ],
55 silly audit   '@shikijs/themes': [ '4.4.2', '3.23.0' ],
55 silly audit   '@shikijs/types': [ '4.4.2', '3.23.0' ],
55 silly audit   esbuild: [ '0.28.1', '0.27.5', '0.25.12' ],
55 silly audit   shiki: [ '4.4.2', '3.23.0' ],
55 silly audit   '@babel/code-frame': [ '7.29.0' ],
55 silly audit   '@babel/compat-data': [ '7.29.0' ],
55 silly audit   '@babel/core': [ '7.29.0' ],
55 silly audit   '@babel/generator': [ '7.29.1' ],
55 silly audit   '@babel/helper-compilation-targets': [ '7.28.6' ],
55 silly audit   '@babel/helper-globals': [ '7.28.0' ],
55 silly audit   '@babel/helper-module-imports': [ '7.28.6' ],
55 silly audit   '@babel/helper-module-transforms': [ '7.28.6' ],
55 silly audit   '@babel/helper-plugin-utils': [ '7.28.6' ],
55 silly audit   '@babel/helper-string-parser': [ '7.29.7' ],
55 silly audit   '@babel/helper-validator-identifier': [ '7.29.7' ],
55 silly audit   '@babel/helper-validator-option': [ '7.27.1' ],
55 silly audit   '@babel/helpers': [ '7.29.2' ],
55 silly audit   '@babel/parser': [ '7.29.8' ],
55 silly audit   '@babel/plugin-transform-react-jsx-self': [ '7.27.1' ],
55 silly audit   '@babel/plugin-transform-react-jsx-source': [ '7.27.1' ],
55 silly audit   '@babel/runtime': [ '7.29.2' ],
55 silly audit   '@babel/template': [ '7.28.6' ],
55 silly audit   '@babel/traverse': [ '7.29.0' ],
55 silly audit   '@babel/types': [ '7.29.8' ],
55 silly audit   '@capsizecss/unpack': [ '4.0.0' ],
55 silly audit   '@emnapi/runtime': [ '1.9.1' ],
55 silly audit   '@img/colour': [ '1.1.0' ],
55 silly audit   '@img/sharp-darwin-arm64': [ '0.34.5' ],
55 silly audit   '@img/sharp-darwin-x64': [ '0.34.5' ],
55 silly audit   '@img/sharp-libvips-darwin-arm64': [ '1.2.4' ],
55 silly audit   '@img/sharp-libvips-darwin-x64': [ '1.2.4' ],
55 silly audit   '@img/sharp-libvips-linux-arm': [ '1.2.4' ],
55 silly audit   '@img/sharp-libvips-linux-arm64': [ '1.2.4' ],
55 silly audit   '@img/sharp-libvips-linux-ppc64': [ '1.2.4' ],
55 silly audit   '@img/sharp-libvips-linux-riscv64': [ '1.2.4' ],
55 silly audit   '@img/sharp-libvips-linux-s390x': [ '1.2.4' ],
55 silly audit   '@img/sharp-libvips-linux-x64': [ '1.2.4' ],
55 silly audit   '@img/sharp-libvips-linuxmusl-arm64': [ '1.2.4' ],
55 silly audit   '@img/sharp-libvips-linuxmusl-x64': [ '1.2.4' ],
55 silly audit   '@img/sharp-linux-arm': [ '0.34.5' ],
55 silly audit   '@img/sharp-linux-arm64': [ '0.34.5' ],
55 silly audit   '@img/sharp-linux-ppc64': [ '0.34.5' ],
55 silly audit   '@img/sharp-linux-riscv64': [ '0.34.5' ],
55 silly audit   '@img/sharp-linux-s390x': [ '0.34.5' ],
55 silly audit   '@img/sharp-linux-x64': [ '0.34.5' ],
55 silly audit   '@img/sharp-linuxmusl-arm64': [ '0.34.5' ],
55 silly audit   '@img/sharp-linuxmusl-x64': [ '0.34.5' ],
55 silly audit   '@img/sharp-wasm32': [ '0.34.5' ],
55 silly audit   '@img/sharp-win32-arm64': [ '0.34.5' ],
55 silly audit   '@img/sharp-win32-ia32': [ '0.34.5' ],
55 silly audit   '@img/sharp-win32-x64': [ '0.34.5' ],
55 silly audit   '@isaacs/fs-minipass': [ '4.0.1' ],
55 silly audit   '@jridgewell/gen-mapping': [ '0.3.13' ],
55 silly audit   '@jridgewell/remapping': [ '2.3.5' ],
55 silly audit   '@jridgewell/resolve-uri': [ '3.1.2' ],
55 silly audit   '@jridgewell/sourcemap-codec': [ '1.5.5' ],
55 silly audit   '@jridgewell/trace-mapping': [ '0.3.31' ],
55 silly audit   '@mapbox/node-pre-gyp': [ '2.0.3' ],
55 silly audit   semver: [ '7.8.5', '7.7.4', '6.3.1' ],
55 silly audit   '@nanostores/react': [ '1.1.0' ],
55 silly audit   '@nodelib/fs.scandir': [ '2.1.5' ],
55 silly audit   '@nodelib/fs.stat': [ '2.0.5' ],
55 silly audit   '@nodelib/fs.walk': [ '1.2.8' ],
55 silly audit   '@oslojs/encoding': [ '1.1.0' ],
55 silly audit   '@reactflow/background': [ '11.3.14' ],
55 silly audit   '@reactflow/controls': [ '11.2.14' ],
55 silly audit   '@reactflow/core': [ '11.11.4' ],
55 silly audit   '@reactflow/minimap': [ '11.7.14' ],
55 silly audit   '@reactflow/node-resizer': [ '2.2.14' ],
55 silly audit   '@reactflow/node-toolbar': [ '1.3.14' ],
55 silly audit   '@rolldown/pluginutils': [ '1.0.0-beta.27' ],
55 silly audit   '@rollup/pluginutils': [ '5.3.0' ],
55 silly audit   '@rollup/rollup-android-arm-eabi': [ '4.60.1' ],
55 silly audit   '@rollup/rollup-android-arm64': [ '4.60.1' ],
55 silly audit   '@rollup/rollup-darwin-arm64': [ '4.60.1' ],
55 silly audit   '@rollup/rollup-darwin-x64': [ '4.60.1' ],
55 silly audit   '@rollup/rollup-freebsd-arm64': [ '4.60.1' ],
55 silly audit   '@rollup/rollup-freebsd-x64': [ '4.60.1' ],
55 silly audit   '@rollup/rollup-linux-arm-gnueabihf': [ '4.60.1' ],
55 silly audit   '@rollup/rollup-linux-arm-musleabihf': [ '4.60.1' ],
55 silly audit   '@rollup/rollup-linux-arm64-gnu': [ '4.60.1' ],
55 silly audit   '@rollup/rollup-linux-arm64-musl': [ '4.60.1' ],
55 silly audit   '@rollup/rollup-linux-loong64-gnu': [ '4.60.1' ],
55 silly audit   '@rollup/rollup-linux-loong64-musl': [ '4.60.1' ],
55 silly audit   '@rollup/rollup-linux-ppc64-gnu': [ '4.60.1' ],
55 silly audit   '@rollup/rollup-linux-ppc64-musl': [ '4.60.1' ],
55 silly audit   '@rollup/rollup-linux-riscv64-gnu': [ '4.60.1' ],
55 silly audit   '@rollup/rollup-linux-riscv64-musl': [ '4.60.1' ],
55 silly audit   '@rollup/rollup-linux-s390x-gnu': [ '4.60.1' ],
55 silly audit   '@rollup/rollup-linux-x64-gnu': [ '4.60.1' ],
55 silly audit   '@rollup/rollup-linux-x64-musl': [ '4.60.1' ],
55 silly audit   '@rollup/rollup-openbsd-x64': [ '4.60.1' ],
55 silly audit   '@rollup/rollup-openharmony-arm64': [ '4.60.1' ],
55 silly audit   '@rollup/rollup-win32-arm64-msvc': [ '4.60.1' ],
55 silly audit   '@rollup/rollup-win32-ia32-msvc': [ '4.60.1' ],
55 silly audit   '@rollup/rollup-win32-x64-gnu': [ '4.60.1' ],
55 silly audit   '@rollup/rollup-win32-x64-msvc': [ '4.60.1' ],
55 silly audit   '@shikijs/primitive': [ '4.4.2' ],
55 silly audit   '@shikijs/vscode-textmate': [ '10.0.2' ],
55 silly audit   '@sveltejs/acorn-typescript': [ '1.0.11' ],
55 silly audit   '@types/babel__core': [ '7.20.5' ],
55 silly audit   '@types/babel__generator': [ '7.27.0' ],
55 silly audit   '@types/babel__template': [ '7.4.4' ],
55 silly audit   '@types/babel__traverse': [ '7.28.0' ],
55 silly audit   '@types/d3': [ '7.4.3' ],
55 silly audit   '@types/d3-array': [ '3.2.2' ],
55 silly audit   '@types/d3-axis': [ '3.0.6' ],
55 silly audit   '@types/d3-brush': [ '3.0.6' ],
55 silly audit   '@types/d3-chord': [ '3.0.6' ],
55 silly audit   '@types/d3-color': [ '3.1.3' ],
55 silly audit   '@types/d3-contour': [ '3.0.6' ],
55 silly audit   '@types/d3-delaunay': [ '6.0.4' ],
55 silly audit   '@types/d3-dispatch': [ '3.0.7' ],
55 silly audit   '@types/d3-drag': [ '3.0.7' ],
55 silly audit   '@types/d3-dsv': [ '3.0.7' ],
55 silly audit   '@types/d3-ease': [ '3.0.2' ],
55 silly audit   '@types/d3-fetch': [ '3.0.7' ],
55 silly audit   '@types/d3-force': [ '3.0.10' ],
55 silly audit   '@types/d3-format': [ '3.0.4' ],
55 silly audit   '@types/d3-geo': [ '3.1.0' ],
55 silly audit   '@types/d3-hierarchy': [ '3.1.7' ],
55 silly audit   '@types/d3-interpolate': [ '3.0.4' ],
55 silly audit   '@types/d3-path': [ '3.1.1' ],
55 silly audit   '@types/d3-polygon': [ '3.0.2' ],
55 silly audit   '@types/d3-quadtree': [ '3.0.6' ],
55 silly audit   '@types/d3-random': [ '3.0.3' ],
55 silly audit   '@types/d3-scale': [ '4.0.9' ],
55 silly audit   '@types/d3-scale-chromatic': [ '3.1.0' ],
55 silly audit   '@types/d3-selection': [ '3.0.11' ],
55 silly audit   '@types/d3-shape': [ '3.1.8' ],
55 silly audit   '@types/d3-time': [ '3.0.4' ],
55 silly audit   '@types/d3-time-format': [ '4.0.3' ],
55 silly audit   '@types/d3-timer': [ '3.0.2' ],
55 silly audit   '@types/d3-transition': [ '3.0.9' ],
55 silly audit   '@types/d3-zoom': [ '3.0.8' ],
55 silly audit   '@types/debug': [ '4.1.13' ],
55 silly audit   '@types/estree': [ '1.0.8' ],
55 silly audit   '@types/geojson': [ '7946.0.16' ],
55 silly audit   '@types/hast': [ '3.0.5' ],
55 silly audit   '@types/mdast': [ '4.0.4' ],
55 silly audit   '@types/ms': [ '2.1.0' ],
55 silly audit   '@types/nlcst': [ '2.0.3' ],
55 silly audit   '@types/prop-types': [ '15.7.15' ],
55 silly audit   '@types/react': [ '18.3.28' ],
55 silly audit   '@types/react-dom': [ '18.3.7' ],
55 silly audit   '@types/trusted-types': [ '2.0.7' ],
55 silly audit   '@types/unist': [ '3.0.3' ],
55 silly audit   '@ungap/structured-clone': [ '1.3.0' ],
55 silly audit   '@vercel/analytics': [ '1.6.1' ],
55 silly audit   '@vercel/cli-config': [ '0.2.2' ],
55 silly audit   zod: [ '4.1.11', '3.25.76' ],
55 silly audit   '@vercel/cli-exec': [ '1.0.1' ],
55 silly audit   '@vercel/functions': [ '3.7.7' ],
55 silly audit   '@vercel/nft': [ '1.10.2' ],
55 silly audit   '@vercel/oidc': [ '3.8.2' ],
55 silly audit   '@vercel/routing-utils': [ '5.3.3' ],
55 silly audit   '@vitejs/plugin-react': [ '4.7.0' ],
55 silly audit   '@vue/compiler-core': [ '3.5.40' ],
55 silly audit   '@vue/compiler-dom': [ '3.5.40' ],
55 silly audit   '@vue/compiler-sfc': [ '3.5.40' ],
55 silly audit   '@vue/compiler-ssr': [ '3.5.40' ],
55 silly audit   '@vue/reactivity': [ '3.5.40' ],
55 silly audit   '@vue/runtime-core': [ '3.5.40' ],
55 silly audit   '@vue/runtime-dom': [ '3.5.40' ],
55 silly audit   '@vue/server-renderer': [ '3.5.40' ],
55 silly audit   '@vue/shared': [ '3.5.40' ],
55 silly audit   abbrev: [ '3.0.1' ],
55 silly audit   acorn: [ '8.16.0' ],
55 silly audit   'acorn-import-attributes': [ '1.9.5' ],
55 silly audit   'agent-base': [ '7.1.4' ],
55 silly audit   ajv: [ '6.15.0' ],
55 silly audit   'ansi-align': [ '3.0.1' ],
55 silly audit   'ansi-regex': [ '5.0.1', '6.2.2' ],
55 silly audit   'emoji-regex': [ '8.0.0', '10.6.0' ],
55 silly audit   'string-width': [ '4.2.3', '7.2.0' ],
55 silly audit   'strip-ansi': [ '6.0.1', '7.2.0' ],
55 silly audit   'ansi-styles': [ '6.2.3' ],
55 silly audit   'any-promise': [ '1.3.0' ],
55 silly audit   anymatch: [ '3.1.3' ],
55 silly audit   picomatch: [ '2.3.2', '4.0.4' ],
55 silly audit   arg: [ '5.0.2' ],
55 silly audit   argparse: [ '2.0.1' ],
55 silly audit   'aria-query': [ '5.3.2', '5.3.1' ],
55 silly audit   'array-iterate': [ '2.0.1' ],
55 silly audit   astro: [ '5.18.1' ],
55 silly audit   'estree-walker': [ '3.0.3', '2.0.2' ],
55 silly audit   'async-sema': [ '3.1.1' ],
55 silly audit   autoprefixer: [ '10.4.27' ],
55 silly audit   'axobject-query': [ '4.1.0' ],
55 silly audit   bail: [ '2.0.2' ],
55 silly audit   'balanced-match': [ '4.0.4' ],
55 silly audit   'base-64': [ '1.0.0' ],
55 silly audit   'baseline-browser-mapping': [ '2.10.13' ],
55 silly audit   'binary-extensions': [ '2.3.0' ],
55 silly audit   bindings: [ '1.5.0' ],
55 silly audit   boolbase: [ '1.0.0' ],
55 silly audit   boxen: [ '8.0.1' ],
55 silly audit   'brace-expansion': [ '5.0.9' ],
55 silly audit   braces: [ '3.0.3' ],
55 silly audit   browserslist: [ '4.28.2' ],
55 silly audit   camelcase: [ '8.0.0' ],
55 silly audit   'camelcase-css': [ '2.0.1' ],
55 silly audit   'caniuse-lite': [ '1.0.30001784' ],
55 silly audit   ccount: [ '2.0.1' ],
55 silly audit   chalk: [ '5.6.2' ],
55 silly audit   'character-entities': [ '2.0.2' ],
55 silly audit   'character-entities-html4': [ '2.1.0' ],
55 silly audit   'character-entities-legacy': [ '3.0.0' ],
55 silly audit   chokidar: [ '5.0.0', '3.6.0' ],
55 silly audit   chownr: [ '3.0.0' ],
55 silly audit   'ci-info': [ '4.4.0' ],
55 silly audit   classcat: [ '5.0.5' ],
55 silly audit   'cli-boxes': [ '3.0.0' ],
55 silly audit   clsx: [ '2.1.1' ],
55 silly audit   'comma-separated-tokens': [ '2.0.3' ],
55 silly audit   commander: [ '11.1.0', '4.1.1' ],
55 silly audit   'common-ancestor-path': [ '1.0.1' ],
55 silly audit   consola: [ '3.4.2' ],
55 silly audit   'convert-source-map': [ '2.0.0' ],
55 silly audit   cookie: [ '1.1.1' ],
55 silly audit   'cookie-es': [ '1.2.3' ],
55 silly audit   'cross-spawn': [ '7.0.6' ],
55 silly audit   crossws: [ '0.3.5' ],
55 silly audit   'css-select': [ '5.2.2' ],
55 silly audit   'css-tree': [ '3.2.1', '2.2.1' ],
55 silly audit   'css-what': [ '6.2.2' ],
55 silly audit   cssesc: [ '3.0.0' ],
55 silly audit   csso: [ '5.0.5' ],
55 silly audit   'mdn-data': [ '2.0.28', '2.27.1' ],
55 silly audit   csstype: [ '3.2.3' ],
55 silly audit   'd3-array': [ '3.2.4' ],
55 silly audit   'd3-color': [ '3.1.0' ],
55 silly audit   'd3-dispatch': [ '3.0.1' ],
55 silly audit   'd3-drag': [ '3.0.0' ],
55 silly audit   'd3-ease': [ '3.0.1' ],
55 silly audit   'd3-format': [ '3.1.2' ],
55 silly audit   'd3-interpolate': [ '3.0.1' ],
55 silly audit   'd3-path': [ '3.1.0' ],
55 silly audit   'd3-scale': [ '4.0.2' ],
55 silly audit   'd3-selection': [ '3.0.0' ],
55 silly audit   'd3-shape': [ '3.2.0' ],
55 silly audit   'd3-time': [ '3.1.0' ],
55 silly audit   'd3-time-format': [ '4.1.0' ],
55 silly audit   'd3-timer': [ '3.0.1' ],
55 silly audit   'd3-transition': [ '3.0.1' ],
55 silly audit   'd3-zoom': [ '3.0.0' ],
55 silly audit   debug: [ '4.4.3' ],
55 silly audit   'decimal.js-light': [ '2.5.1' ],
55 silly audit   'decode-named-character-reference': [ '1.3.0' ],
55 silly audit   defu: [ '6.1.6' ],
55 silly audit   dequal: [ '2.0.3' ],
55 silly audit   destr: [ '2.0.5' ],
55 silly audit   'detect-libc': [ '2.1.2' ],
55 silly audit   'deterministic-object-hash': [ '2.0.2' ],
55 silly audit   devalue: [ '5.9.0' ],
55 silly audit   devlop: [ '1.1.0' ],
55 silly audit   didyoumean: [ '1.2.2' ],
55 silly audit   diff: [ '8.0.4' ],
55 silly audit   dlv: [ '1.1.3' ],
55 silly audit   'dom-helpers': [ '5.2.1' ],
55 silly audit   'dom-serializer': [ '2.0.0' ],
55 silly audit   entities: [ '4.5.0', '7.0.1', '6.0.1' ],
55 silly audit   domelementtype: [ '2.3.0' ],
55 silly audit   domhandler: [ '5.0.3' ],
55 silly audit   domutils: [ '3.2.2' ],
55 silly audit   dset: [ '3.1.4' ],
55 silly audit   'electron-to-chromium': [ '1.5.331' ],
55 silly audit   'es-module-lexer': [ '1.7.0' ],
55 silly audit   escalade: [ '3.2.0' ],
55 silly audit   'escape-string-regexp': [ '5.0.0' ],
55 silly audit   'esm-env': [ '1.2.2' ],
55 silly audit   esrap: [ '2.3.0' ],
55 silly audit   eventemitter3: [ '5.0.4', '4.0.7' ],
55 silly audit   execa: [ '5.1.1' ],
55 silly audit   extend: [ '3.0.2' ],
55 silly audit   'fast-deep-equal': [ '3.1.3' ],
55 silly audit   'fast-equals': [ '5.4.0' ],
55 silly audit   'fast-glob': [ '3.3.3' ],
55 silly audit   'glob-parent': [ '5.1.2', '6.0.2' ],
55 silly audit   'fast-json-stable-stringify': [ '2.1.0' ],
55 silly audit   fastq: [ '1.20.1' ],
55 silly audit   fdir: [ '6.5.0' ],
55 silly audit   'file-uri-to-path': [ '1.0.0' ],
55 silly audit   'fill-range': [ '7.1.1' ],
55 silly audit   flattie: [ '1.1.1' ],
55 silly audit   fontace: [ '0.4.1' ],
55 silly audit   fontkitten: [ '1.0.3' ],
55 silly audit   'fraction.js': [ '5.3.4' ],
55 silly audit   'framer-motion': [ '12.38.0' ],
55 silly audit   fsevents: [ '2.3.3' ],
55 silly audit   'function-bind': [ '1.1.2' ],
55 silly audit   gensync: [ '1.0.0-beta.2' ],
55 silly audit   'get-east-asian-width': [ '1.5.0' ],
55 silly audit   'get-stream': [ '6.0.1' ],
55 silly audit   'github-slugger': [ '2.0.0' ],
55 silly audit   glob: [ '13.0.6' ],
55 silly audit   'graceful-fs': [ '4.2.11' ],
55 silly audit   h3: [ '1.15.11' ],
55 silly audit   hasown: [ '2.0.2' ],
55 silly audit   'hast-util-from-html': [ '2.0.3' ],
55 silly audit   'hast-util-from-parse5': [ '8.0.3' ],
55 silly audit   'hast-util-is-element': [ '3.0.0' ],
55 silly audit   'hast-util-parse-selector': [ '4.0.0' ],
55 silly audit   'hast-util-raw': [ '9.1.0' ],
55 silly audit   'hast-util-to-html': [ '9.0.5' ],
55 silly audit   'hast-util-to-parse5': [ '8.0.1' ],
55 silly audit   'hast-util-to-text': [ '4.0.2' ],
55 silly audit   'hast-util-whitespace': [ '3.0.0' ],
55 silly audit   hastscript: [ '9.0.1' ],
55 silly audit   'html-escaper': [ '3.0.3' ],
55 silly audit   'html-void-elements': [ '3.0.0' ],
55 silly audit   'http-cache-semantics': [ '4.2.0' ],
55 silly audit   'https-proxy-agent': [ '7.0.6' ],
55 silly audit   'human-signals': [ '2.1.0' ],
55 silly audit   'import-meta-resolve': [ '4.2.0' ],
55 silly audit   internmap: [ '2.0.3' ],
55 silly audit   'iron-webcrypto': [ '1.2.1' ],
55 silly audit   'is-binary-path': [ '2.1.0' ],
55 silly audit   'is-core-module': [ '2.16.1' ],
55 silly audit   'is-docker': [ '3.0.0' ],
55 silly audit   'is-extglob': [ '2.1.1' ],
55 silly audit   'is-fullwidth-code-point': [ '3.0.0' ],
55 silly audit   'is-glob': [ '4.0.3' ],
55 silly audit   'is-inside-container': [ '1.0.0' ],
55 silly audit   'is-number': [ '7.0.0' ],
55 silly audit   'is-plain-obj': [ '4.1.0' ],
55 silly audit   'is-reference': [ '3.0.3' ],
55 silly audit   'is-stream': [ '2.0.1' ],
55 silly audit   'is-wsl': [ '3.1.1' ],
55 silly audit   isexe: [ '2.0.0' ],
55 silly audit   jose: [ '5.10.0' ],
55 silly audit   'js-tokens': [ '4.0.0' ],
55 silly audit   'js-yaml': [ '4.3.1' ],
55 silly audit   jsesc: [ '3.1.0' ],
55 silly audit   'json-schema-traverse': [ '0.4.1' ],
55 silly audit   json5: [ '2.2.3' ],
55 silly audit   lilconfig: [ '3.1.3' ],
55 silly audit   'lines-and-columns': [ '1.2.4' ],
55 silly audit   'locate-character': [ '3.0.0' ],
55 silly audit   lodash: [ '4.18.1' ],
55 silly audit   'longest-streak': [ '3.1.0' ],
55 silly audit   'loose-envify': [ '1.4.0' ],
55 silly audit   'lru-cache': [ '5.1.1', '11.5.2', '11.2.7' ],
55 silly audit   'lucide-react': [ '0.471.2' ],
55 silly audit   'magic-string': [ '0.30.21' ],
55 silly audit   magicast: [ '0.5.2' ],
55 silly audit   'markdown-table': [ '3.0.4' ],
55 silly audit   'mdast-util-definitions': [ '6.0.0' ],
55 silly audit   'mdast-util-find-and-replace': [ '3.0.2' ],
55 silly audit   'mdast-util-from-markdown': [ '2.0.3' ],
55 silly audit   'mdast-util-gfm': [ '3.1.0' ],
55 silly audit   'mdast-util-gfm-autolink-literal': [ '2.0.1' ],
55 silly audit   'mdast-util-gfm-footnote': [ '2.1.0' ],
55 silly audit   'mdast-util-gfm-strikethrough': [ '2.0.0' ],
55 silly audit   'mdast-util-gfm-table': [ '2.0.0' ],
55 silly audit   'mdast-util-gfm-task-list-item': [ '2.0.0' ],
55 silly audit   'mdast-util-phrasing': [ '4.1.0' ],
55 silly audit   'mdast-util-to-hast': [ '13.2.1' ],
55 silly audit   'mdast-util-to-markdown': [ '2.1.2' ],
55 silly audit   'mdast-util-to-string': [ '4.0.0' ],
55 silly audit   'merge-stream': [ '2.0.0' ],
55 silly audit   merge2: [ '1.4.1' ],
55 silly audit   micromark: [ '4.0.2' ],
55 silly audit   'micromark-core-commonmark': [ '2.0.3' ],
55 silly audit   'micromark-extension-gfm': [ '3.0.0' ],
55 silly audit   'micromark-extension-gfm-autolink-literal': [ '2.1.0' ],
55 silly audit   'micromark-extension-gfm-footnote': [ '2.1.0' ],
55 silly audit   'micromark-extension-gfm-strikethrough': [ '2.1.0' ],
55 silly audit   'micromark-extension-gfm-table': [ '2.1.1' ],
55 silly audit   'micromark-extension-gfm-tagfilter': [ '2.0.0' ],
55 silly audit   'micromark-extension-gfm-task-list-item': [ '2.1.0' ],
55 silly audit   'micromark-factory-destination': [ '2.0.1' ],
55 silly audit   'micromark-factory-label': [ '2.0.1' ],
55 silly audit   'micromark-factory-space': [ '2.0.1' ],
55 silly audit   'micromark-factory-title': [ '2.0.1' ],
55 silly audit   'micromark-factory-whitespace': [ '2.0.1' ],
55 silly audit   'micromark-util-character': [ '2.1.1' ],
55 silly audit   'micromark-util-chunked': [ '2.0.1' ],
55 silly audit   'micromark-util-classify-character': [ '2.0.1' ],
55 silly audit   'micromark-util-combine-extensions': [ '2.0.1' ],
55 silly audit   'micromark-util-decode-numeric-character-reference': [ '2.0.2' ],
55 silly audit   'micromark-util-decode-string': [ '2.0.1' ],
55 silly audit   'micromark-util-encode': [ '2.0.1' ],
55 silly audit   'micromark-util-html-tag-name': [ '2.0.1' ],
55 silly audit   'micromark-util-normalize-identifier': [ '2.0.1' ],
55 silly audit   'micromark-util-resolve-all': [ '2.0.1' ],
55 silly audit   'micromark-util-sanitize-uri': [ '2.0.1' ],
55 silly audit   'micromark-util-subtokenize': [ '2.1.0' ],
55 silly audit   'micromark-util-symbol': [ '2.0.1' ],
55 silly audit   'micromark-util-types': [ '2.0.2' ],
55 silly audit   micromatch: [ '4.0.8' ],
55 silly audit   'mimic-fn': [ '2.1.0' ],
55 silly audit   minimatch: [ '10.2.6' ],
55 silly audit   minipass: [ '7.1.3' ],
55 silly audit   minizlib: [ '3.1.0' ],
55 silly audit   'motion-dom': [ '12.38.0' ],
55 silly audit   'motion-utils': [ '12.36.0' ],
55 silly audit   mrmime: [ '2.0.1' ],
55 silly audit   ms: [ '2.1.3' ],
55 silly audit   mz: [ '2.7.0' ],
55 silly audit   nanoid: [ '3.3.17' ],
55 silly audit   nanostores: [ '1.2.0' ],
55 silly audit   neotraverse: [ '0.6.18' ],
55 silly audit   'nlcst-to-string': [ '4.0.0' ],
55 silly audit   'node-fetch': [ '2.7.0' ],
55 silly audit   'node-fetch-native': [ '1.6.7' ],
55 silly audit   'node-gyp-build': [ '4.8.4' ],
55 silly audit   'node-mock-http': [ '1.0.4' ],
55 silly audit   'node-releases': [ '2.0.37' ],
55 silly audit   nopt: [ '8.1.0' ],
55 silly audit   'normalize-path': [ '3.0.0' ],
55 silly audit   'npm-run-path': [ '4.0.1' ],
55 silly audit   'nth-check': [ '2.1.1' ],
55 silly audit   'object-assign': [ '4.1.1' ],
55 silly audit   'object-hash': [ '3.0.0' ],
55 silly audit   ofetch: [ '1.5.1' ],
55 silly audit   ohash: [ '2.0.11' ],
55 silly audit   onetime: [ '5.1.2' ],
55 silly audit   'oniguruma-parser': [ '0.12.2' ],
55 silly audit   'oniguruma-to-es': [ '4.3.6' ],
55 silly audit   'os-paths': [ '4.4.0' ],
55 silly audit   'p-limit': [ '6.2.0' ],
55 silly audit   'p-queue': [ '8.1.1' ],
55 silly audit   'p-timeout': [ '6.1.4' ],
55 silly audit   'package-manager-detector': [ '1.6.0' ],
55 silly audit   'parse-latin': [ '7.0.0' ],
55 silly audit   parse5: [ '7.3.0' ],
55 silly audit   'path-key': [ '3.1.1' ],
55 silly audit   'path-parse': [ '1.0.7' ],
55 silly audit   'path-scurry': [ '2.0.2' ],
55 silly audit   'path-to-regexp': [ '6.1.0', '6.3.0' ],
55 silly audit   piccolore: [ '0.1.3' ],
55 silly audit   picocolors: [ '1.1.1' ],
55 silly audit   pify: [ '2.3.0' ],
55 silly audit   pirates: [ '4.0.7' ],
55 silly audit   postcss: [ '8.5.25' ],
55 silly audit   'postcss-import': [ '15.1.0' ],
55 silly audit   'postcss-js': [ '4.1.0' ],
55 silly audit   'postcss-load-config': [ '4.0.2' ],
55 silly audit   'postcss-nested': [ '6.2.0' ],
55 silly audit   'postcss-selector-parser': [ '6.1.2' ],
55 silly audit   'postcss-value-parser': [ '4.2.0' ],
55 silly audit   preact: [ '10.29.8' ],
55 silly audit   prismjs: [ '1.30.0' ],
55 silly audit   prompts: [ '2.4.2' ],
55 silly audit   kleur: [ '3.0.3' ],
55 silly audit   'prop-types': [ '15.8.1' ],
55 silly audit   'react-is': [ '16.13.1', '18.3.1' ],
55 silly audit   'property-information': [ '7.1.0' ],
55 silly audit   punycode: [ '2.3.1' ],
55 silly audit   'queue-microtask': [ '1.2.3' ],
55 silly audit   radix3: [ '1.1.2' ],
55 silly audit   react: [ '18.3.1' ],
55 silly audit   'react-dom': [ '18.3.1' ],
55 silly audit   'react-refresh': [ '0.17.0' ],
55 silly audit   'react-smooth': [ '4.0.4' ],
55 silly audit   'react-transition-group': [ '4.4.5' ],
55 silly audit   reactflow: [ '11.11.4' ],
55 silly audit   'read-cache': [ '1.0.0' ],
55 silly audit   readdirp: [ '5.0.0', '3.6.0' ],
55 silly audit   recharts: [ '2.15.4' ],
55 silly audit   'recharts-scale': [ '0.4.5' ],
55 silly audit   regex: [ '6.1.0' ],
55 silly audit   'regex-recursion': [ '6.0.2' ],
55 silly audit   'regex-utilities': [ '2.3.0' ],
55 silly audit   rehype: [ '13.0.2' ],
55 silly audit   'rehype-parse': [ '9.0.1' ],
55 silly audit   'rehype-raw': [ '7.0.0' ],
55 silly audit   'rehype-stringify': [ '10.0.1' ],
55 silly audit   'remark-gfm': [ '4.0.1' ],
55 silly audit   'remark-parse': [ '11.0.0' ],
55 silly audit   'remark-rehype': [ '11.1.2' ],
55 silly audit   'remark-smartypants': [ '3.0.2' ],
55 silly audit   'remark-stringify': [ '11.0.0' ],
55 silly audit   resolve: [ '1.22.11' ],
55 silly audit   'resolve-from': [ '5.0.0' ],
55 silly audit   retext: [ '9.0.0' ],
55 silly audit   'retext-latin': [ '4.0.0' ],
55 silly audit   'retext-smartypants': [ '6.2.0' ],
55 silly audit   'retext-stringify': [ '4.0.0' ],
55 silly audit   reusify: [ '1.1.0' ],
55 silly audit   rollup: [ '4.60.1' ],
55 silly audit   'run-parallel': [ '1.2.0' ],
55 silly audit   sax: [ '1.6.0' ],
55 silly audit   scheduler: [ '0.23.2' ],
55 silly audit   seroval: [ '1.5.6' ],
55 silly audit   'seroval-plugins': [ '1.5.6' ],
55 silly audit   sharp: [ '0.34.5' ],
55 silly audit   'shebang-command': [ '2.0.0' ],
55 silly audit   'shebang-regex': [ '3.0.0' ],
55 silly audit   'signal-exit': [ '3.0.7' ],
55 silly audit   sisteransi: [ '1.0.5' ],
55 silly audit   'smol-toml': [ '1.6.1' ],
55 silly audit   'solid-js': [ '1.9.14' ],
55 silly audit   'source-map-js': [ '1.2.1' ],
55 silly audit   'space-separated-tokens': [ '2.0.2' ],
55 silly audit   'stringify-entities': [ '4.0.4' ],
55 silly audit   'strip-final-newline': [ '2.0.0' ],
55 silly audit   sucrase: [ '3.35.1' ],
55 silly audit   'supports-preserve-symlinks-flag': [ '1.0.0' ],
55 silly audit   svelte: [ '5.56.8' ],
55 silly audit   svgo: [ '4.0.1' ],
55 silly audit   'tailwind-merge': [ '2.6.1' ],
55 silly audit   tailwindcss: [ '3.4.19' ],
55 silly audit   jiti: [ '1.21.7' ],
55 silly audit   tar: [ '7.5.22' ],
55 silly audit   yallist: [ '5.0.0', '3.1.1' ],
55 silly audit   thenify: [ '3.3.1' ],
55 silly audit   'thenify-all': [ '1.6.0' ],
55 silly audit   'tiny-inflate': [ '1.0.3' ],
55 silly audit   'tiny-invariant': [ '1.3.3' ],
55 silly audit   tinyexec: [ '1.0.4' ],
55 silly audit   tinyglobby: [ '0.2.15' ],
55 silly audit   'to-regex-range': [ '5.0.1' ],
55 silly audit   tr46: [ '0.0.3' ],
55 silly audit   'trim-lines': [ '3.0.1' ],
55 silly audit   trough: [ '2.2.0' ],
55 silly audit   'ts-interface-checker': [ '0.1.13' ],
55 silly audit   tsconfck: [ '3.1.6' ],
55 silly audit   tslib: [ '2.8.1' ],
55 silly audit   'type-fest': [ '4.41.0' ],
55 silly audit   ufo: [ '1.6.3' ],
55 silly audit   ultrahtml: [ '1.6.0' ],
55 silly audit   uncrypto: [ '0.1.3' ],
55 silly audit   unified: [ '11.0.5' ],
55 silly audit   unifont: [ '0.7.4' ],
55 silly audit   'unist-util-find-after': [ '5.0.0' ],
55 silly audit   'unist-util-is': [ '6.0.1' ],
55 silly audit   'unist-util-modify-children': [ '4.0.0' ],
55 silly audit   'unist-util-position': [ '5.0.0' ],
55 silly audit   'unist-util-remove-position': [ '5.0.0' ],
55 silly audit   'unist-util-stringify-position': [ '4.0.0' ],
55 silly audit   'unist-util-visit': [ '5.1.0' ],
55 silly audit   'unist-util-visit-children': [ '3.0.0' ],
55 silly audit   'unist-util-visit-parents': [ '6.0.2' ],
55 silly audit   unstorage: [ '1.17.5' ],
55 silly audit   'update-browserslist-db': [ '1.2.3' ],
55 silly audit   'uri-js': [ '4.4.1' ],
55 silly audit   'use-sync-external-store': [ '1.6.0' ],
55 silly audit   'util-deprecate': [ '1.0.2' ],
55 silly audit   vfile: [ '6.0.3' ],
55 silly audit   'vfile-location': [ '5.0.3' ],
55 silly audit   'vfile-message': [ '4.0.3' ],
55 silly audit   'victory-vendor': [ '36.9.2' ],
55 silly audit   vite: [ '6.4.1' ],
55 silly audit   vitefu: [ '1.1.3' ],
55 silly audit   vue: [ '3.5.40' ],
55 silly audit   'web-namespaces': [ '2.0.1' ],
55 silly audit   'webidl-conversions': [ '3.0.1' ],
55 silly audit   'whatwg-url': [ '5.0.0' ],
55 silly audit   which: [ '2.0.2' ],
55 silly audit   'which-pm-runs': [ '1.1.0' ],
55 silly audit   'widest-line': [ '5.0.0' ],
55 silly audit   'wrap-ansi': [ '9.0.2' ],
55 silly audit   'xdg-app-paths': [ '5.5.1' ],
55 silly audit   'xdg-portable': [ '7.3.0' ],
55 silly audit   'xxhash-wasm': [ '1.1.0' ],
55 silly audit   yaml: [ '2.8.3' ],
55 silly audit   'yargs-parser': [ '21.1.1' ],
55 silly audit   'yocto-queue': [ '1.2.2' ],
55 silly audit   'yocto-spinner': [ '0.2.3' ],
55 silly audit   yoctocolors: [ '2.1.2' ],
55 silly audit   zimmerframe: [ '1.1.4' ],
55 silly audit   'zod-to-json-schema': [ '3.25.2' ],
55 silly audit   'zod-to-ts': [ '1.2.0' ],
55 silly audit   zustand: [ '4.5.7' ],
55 silly audit   zwitch: [ '2.0.4' ],
55 silly audit   '@dnd-kit/core': [ '6.3.1' ],
55 silly audit   '@dnd-kit/sortable': [ '10.0.0' ],
55 silly audit   '@dnd-kit/utilities': [ '3.2.2' ],
55 silly audit   'react-hot-toast': [ '2.6.0' ],
55 silly audit   '@dnd-kit/accessibility': [ '3.1.1' ],
55 silly audit   goober: [ '2.1.19' ]
55 silly audit }
56 http cache goober@https://registry.npmjs.org/goober/-/goober-2.1.19.tgz 0ms (cache hit)
57 http cache @dnd-kit/accessibility@https://registry.npmjs.org/@dnd-kit/accessibility/-/accessibility-3.1.1.tgz 0ms (cache hit)
58 http cache react-hot-toast@https://registry.npmjs.org/react-hot-toast/-/react-hot-toast-2.6.0.tgz 0ms (cache hit)
59 silly tarball no local data for goober@https://registry.npmjs.org/goober/-/goober-2.1.19.tgz. Extracting by manifest.
60 silly tarball no local data for @dnd-kit/accessibility@https://registry.npmjs.org/@dnd-kit/accessibility/-/accessibility-3.1.1.tgz. Extracting by manifest.
61 silly tarball no local data for react-hot-toast@https://registry.npmjs.org/react-hot-toast/-/react-hot-toast-2.6.0.tgz. Extracting by manifest.
62 http cache @dnd-kit/sortable@https://registry.npmjs.org/@dnd-kit/sortable/-/sortable-10.0.0.tgz 0ms (cache hit)
63 http cache @dnd-kit/core@https://registry.npmjs.org/@dnd-kit/core/-/core-6.3.1.tgz 0ms (cache hit)
64 http cache @dnd-kit/utilities@https://registry.npmjs.org/@dnd-kit/utilities/-/utilities-3.2.2.tgz 0ms (cache hit)
65 silly tarball no local data for @dnd-kit/sortable@https://registry.npmjs.org/@dnd-kit/sortable/-/sortable-10.0.0.tgz. Extracting by manifest.
66 silly tarball no local data for @dnd-kit/core@https://registry.npmjs.org/@dnd-kit/core/-/core-6.3.1.tgz. Extracting by manifest.
67 silly tarball no local data for @dnd-kit/utilities@https://registry.npmjs.org/@dnd-kit/utilities/-/utilities-3.2.2.tgz. Extracting by manifest.
68 http fetch POST 200 https://registry.npmjs.org/-/npm/v1/security/advisories/bulk 344ms
69 silly audit report {
69 silly audit report   esbuild: [
69 silly audit report     {
69 silly audit report       id: 1120680,
69 silly audit report       url: 'https://github.com/advisories/GHSA-g7r4-m6w7-qqqr',
69 silly audit report       title: 'esbuild allows arbitrary file read when running the development server on Windows',
69 silly audit report       severity: 'low',
69 silly audit report       vulnerable_versions: '>=0.27.3 <0.28.1',
69 silly audit report       cwe: [Array],
69 silly audit report       cvss: [Object]
69 silly audit report     }
69 silly audit report   ],
69 silly audit report   '@babel/core': [
69 silly audit report     {
69 silly audit report       id: 1123528,
69 silly audit report       url: 'https://github.com/advisories/GHSA-4x5r-pxfx-6jf8',
69 silly audit report       title: '@babel/core: Arbitrary File Read via sourceMappingURL Comment',
69 silly audit report       severity: 'low',
69 silly audit report       vulnerable_versions: '<=7.29.0',
69 silly audit report       cwe: [Array],
69 silly audit report       cvss: [Object]
69 silly audit report     }
69 silly audit report   ],
69 silly audit report   astro: [
69 silly audit report     {
69 silly audit report       id: 1118920,
69 silly audit report       url: 'https://github.com/advisories/GHSA-xr5h-phrj-8vxv',
69 silly audit report       title: 'Astro: Server island encrypted parameters vulnerable to cross-component replay',
69 silly audit report       severity: 'low',
69 silly audit report       vulnerable_versions: '<6.1.10',
69 silly audit report       cwe: [Array],
69 silly audit report       cvss: [Object]
69 silly audit report     },
69 silly audit report     {
69 silly audit report       id: 1120917,
69 silly audit report       url: 'https://github.com/advisories/GHSA-2pvr-wf23-7pc7',
69 silly audit report       title: 'Astro: Host header SSRF in prerendered error page fetch',
69 silly audit report       severity: 'high',
69 silly audit report       vulnerable_versions: '<6.4.6',
69 silly audit report       cwe: [Array],
69 silly audit report       cvss: [Object]
69 silly audit report     },
69 silly audit report     {
69 silly audit report       id: 1120912,
69 silly audit report       url: 'https://github.com/advisories/GHSA-8hv8-536x-4wqp',
69 silly audit report       title: 'Astro: Reflected XSS via unescaped slot name',
69 silly audit report       severity: 'high',
69 silly audit report       vulnerable_versions: '<6.3.3',
69 silly audit report       cwe: [Array],
69 silly audit report       cvss: [Object]
69 silly audit report     },
69 silly audit report     {
69 silly audit report       id: 1117141,
69 silly audit report       url: 'https://github.com/advisories/GHSA-j687-52p2-xcff',
69 silly audit report       title: 'Astro: XSS in define:vars via incomplete </script> tag sanitization',
69 silly audit report       severity: 'moderate',
69 silly audit report       vulnerable_versions: '<6.1.6',
69 silly audit report       cwe: [Array],
69 silly audit report       cvss: [Object]
69 silly audit report     },
69 silly audit report     {
69 silly audit report       id: 1123700,
69 silly audit report       url: 'https://github.com/advisories/GHSA-jrpj-wcv7-9fh9',
69 silly audit report       title: 'Astro: XSS via Unescaped Attribute Names in Spread Props',
69 silly audit report       severity: 'moderate',
69 silly audit report       vulnerable_versions: '<6.4.6',
69 silly audit report       cwe: [Array],
69 silly audit report       cvss: [Object]
69 silly audit report     },
69 silly audit report     {
69 silly audit report       id: 1123899,
69 silly audit report       url: 'https://github.com/advisories/GHSA-4g3v-8h47-v7g6',
69 silly audit report       title: 'Astro: Reflected XSS via unescaped View Transition animation properties',
69 silly audit report       severity: 'moderate',
69 silly audit report       vulnerable_versions: '>=2.9.0 <=7.0.9',
69 silly audit report       cwe: [Array],
69 silly audit report       cvss: [Object]
69 silly audit report     },
69 silly audit report     {
69 silly audit report       id: 1123979,
69 silly audit report       url: 'https://github.com/advisories/GHSA-f48w-9m4c-m7f5',
69 silly audit report       title: 'Astro: XSS via unescaped spread attribute names in renderHTMLElement (incomplete fix for CVE-2026-54298)',
69 silly audit report       severity: 'moderate',
69 silly audit report       vulnerable_versions: '<7.0.6',
69 silly audit report       cwe: [Array],
69 silly audit report       cvss: [Object]
69 silly audit report     },
69 silly audit report     {
69 silly audit report       id: 1123981,
69 silly audit report       url: 'https://github.com/advisories/GHSA-7pw4-f3q4-r2p2',
69 silly audit report       title: 'Astro: Cross-site scripting via unescaped transition:* directive values on hydrated islands',
69 silly audit report       severity: 'low',
69 silly audit report       vulnerable_versions: '>=3.10.0 <7.0.4',
69 silly audit report       cwe: [Array],
69 silly audit report       cvss: [Object]
69 silly audit report     }
69 silly audit report   ],
69 silly audit report   'path-to-regexp': [
69 silly audit report     {
69 silly audit report       id: 1101846,
69 silly audit report       url: 'https://github.com/advisories/GHSA-9wv6-86v2-598j',
69 silly audit report       title: 'path-to-regexp outputs backtracking regular expressions',
69 silly audit report       severity: 'high',
69 silly audit report       vulnerable_versions: '>=4.0.0 <6.3.0',
69 silly audit report       cwe: [Array],
69 silly audit report       cvss: [Object]
69 silly audit report     }
69 silly audit report   ],
69 silly audit report   sharp: [
69 silly audit report     {
69 silly audit report       id: 1124066,
69 silly audit report       url: 'https://github.com/advisories/GHSA-f88m-g3jw-g9cj',
69 silly audit report       title: 'sharp inherited vulnerabilities in libvips: CVE-2026-33327, CVE-2026-33328, CVE-2026-35590, CVE-2026-35591',
69 silly audit report       severity: 'high',
69 silly audit report       vulnerable_versions: '<0.35.0',
69 silly audit report       cwe: [Array],
69 silly audit report       cvss: [Object]
69 silly audit report     }
69 silly audit report   ],
69 silly audit report   svgo: [
69 silly audit report     {
69 silly audit report       id: 1124019,
69 silly audit report       url: 'https://github.com/advisories/GHSA-2p49-hgcm-8545',
69 silly audit report       title: 'SVGO removeScripts plugin leaves some executable scripts intact',
69 silly audit report       severity: 'high',
69 silly audit report       vulnerable_versions: '>=4.0.0 <4.0.2',
69 silly audit report       cwe: [Array],
69 silly audit report       cvss: [Object]
69 silly audit report     }
69 silly audit report   ],
69 silly audit report   vite: [
69 silly audit report     {
69 silly audit report       id: 1120784,
69 silly audit report       url: 'https://github.com/advisories/GHSA-v6wh-96g9-6wx3',
69 silly audit report       title: 'launch-editor: NTLMv2 hash disclosure via UNC path handling on Windows',
69 silly audit report       severity: 'moderate',
69 silly audit report       vulnerable_versions: '<=6.4.2',
69 silly audit report       cwe: [Array],
69 silly audit report       cvss: [Object]
69 silly audit report     },
69 silly audit report     {
69 silly audit report       id: 1116229,
69 silly audit report       url: 'https://github.com/advisories/GHSA-4w7w-66w2-5vf9',
69 silly audit report       title: 'Vite Vulnerable to Path Traversal in Optimized Deps `.map` Handling',
69 silly audit report       severity: 'moderate',
69 silly audit report       vulnerable_versions: '<=6.4.1',
69 silly audit report       cwe: [Array],
69 silly audit report       cvss: [Object]
69 silly audit report     },
69 silly audit report     {
69 silly audit report       id: 1116234,
69 silly audit report       url: 'https://github.com/advisories/GHSA-p9ff-h696-f583',
69 silly audit report       title: 'Vite Vulnerable to Arbitrary File Read via Vite Dev Server WebSocket',
69 silly audit report       severity: 'high',
69 silly audit report       vulnerable_versions: '>=6.0.0 <=6.4.1',
69 silly audit report       cwe: [Array],
69 silly audit report       cvss: [Object]
69 silly audit report     },
69 silly audit report     {
69 silly audit report       id: 1123525,
69 silly audit report       url: 'https://github.com/advisories/GHSA-fx2h-pf6j-xcff',
69 silly audit report       title: 'vite: `server.fs.deny` bypass on Windows alternate paths',
69 silly audit report       severity: 'high',
69 silly audit report       vulnerable_versions: '<=6.4.2',
69 silly audit report       cwe: [Array],
69 silly audit report       cvss: [Object]
69 silly audit report     }
69 silly audit report   ]
69 silly audit report }
70 silly packumentCache corgi:https://registry.npmjs.org/esbuild cache-miss
71 silly packumentCache corgi:https://registry.npmjs.org/@babel%2fcore cache-miss
72 silly packumentCache corgi:https://registry.npmjs.org/astro cache-miss
73 silly packumentCache corgi:https://registry.npmjs.org/path-to-regexp cache-miss
74 silly packumentCache corgi:https://registry.npmjs.org/sharp cache-miss
75 silly packumentCache corgi:https://registry.npmjs.org/svgo cache-miss
76 silly packumentCache corgi:https://registry.npmjs.org/vite cache-miss
77 http fetch GET 200 https://registry.npmjs.org/@dnd-kit/accessibility/-/accessibility-3.1.1.tgz 467ms (cache miss)
78 http fetch GET 200 https://registry.npmjs.org/path-to-regexp 170ms (cache miss)
79 silly packumentCache corgi:https://registry.npmjs.org/path-to-regexp set size:undefined disposed:false
80 http fetch GET 200 https://registry.npmjs.org/sharp 290ms (cache miss)
81 silly packumentCache corgi:https://registry.npmjs.org/sharp set size:undefined disposed:false
82 http fetch GET 200 https://registry.npmjs.org/@babel%2fcore 349ms (cache miss)
83 silly packumentCache corgi:https://registry.npmjs.org/@babel%2fcore set size:undefined disposed:false
84 http fetch GET 200 https://registry.npmjs.org/goober/-/goober-2.1.19.tgz 796ms (cache miss)
85 http fetch GET 200 https://registry.npmjs.org/esbuild 452ms (cache miss)
86 silly packumentCache corgi:https://registry.npmjs.org/esbuild set size:undefined disposed:false
87 http fetch GET 200 https://registry.npmjs.org/react-hot-toast/-/react-hot-toast-2.6.0.tgz 826ms (cache miss)
88 http fetch GET 200 https://registry.npmjs.org/svgo 514ms (cache miss)
89 silly packumentCache corgi:https://registry.npmjs.org/svgo set size:undefined disposed:false
90 http fetch GET 200 https://registry.npmjs.org/@dnd-kit/utilities/-/utilities-3.2.2.tgz 954ms (cache miss)
91 http fetch GET 200 https://registry.npmjs.org/astro 674ms (cache miss)
92 silly packumentCache corgi:https://registry.npmjs.org/astro set size:undefined disposed:false
93 http fetch GET 200 https://registry.npmjs.org/vite 1258ms (cache miss)
94 silly packumentCache corgi:https://registry.npmjs.org/vite set size:undefined disposed:false
95 http fetch GET 200 https://registry.npmjs.org/@dnd-kit/sortable/-/sortable-10.0.0.tgz 1710ms (cache miss)
96 silly packumentCache corgi:https://registry.npmjs.org/@vitejs%2fplugin-react cache-miss
97 http fetch GET 200 https://registry.npmjs.org/@vitejs%2fplugin-react 114ms (cache miss)
98 silly packumentCache corgi:https://registry.npmjs.org/@vitejs%2fplugin-react set size:undefined disposed:false
99 silly packumentCache corgi:https://registry.npmjs.org/@vercel%2frouting-utils cache-miss
100 http fetch GET 200 https://registry.npmjs.org/@dnd-kit/core/-/core-6.3.1.tgz 2448ms (cache miss)
101 http fetch GET 200 https://registry.npmjs.org/@vercel%2frouting-utils 957ms (cache miss)
102 silly packumentCache corgi:https://registry.npmjs.org/@vercel%2frouting-utils set size:undefined disposed:false
103 silly packumentCache corgi:https://registry.npmjs.org/@astrojs%2freact cache-miss
104 http fetch GET 200 https://registry.npmjs.org/@astrojs%2freact 1126ms (cache miss)
105 silly packumentCache corgi:https://registry.npmjs.org/@astrojs%2freact set size:undefined disposed:false
106 silly packumentCache corgi:https://registry.npmjs.org/@astrojs%2fvercel cache-miss
107 http fetch GET 200 https://registry.npmjs.org/@astrojs%2fvercel 952ms (cache miss)
108 silly packumentCache corgi:https://registry.npmjs.org/@astrojs%2fvercel set size:undefined disposed:false
109 silly ADD node_modules/goober
110 silly ADD node_modules/@dnd-kit/accessibility
111 silly ADD node_modules/react-hot-toast
112 silly ADD node_modules/@dnd-kit/utilities
113 silly ADD node_modules/@dnd-kit/sortable
114 silly ADD node_modules/@dnd-kit/core
115 verbose cwd D:\BPA-main
116 verbose os Windows_NT 10.0.26200
117 verbose node v20.19.4
118 verbose npm  v11.14.1
119 notice
119 notice New [33mminor[39m version of npm available! [33m11.14.1[39m -> [34m11.19.0[39m
119 notice Changelog: [34mhttps://github.com/npm/cli/releases/tag/v11.19.0[39m
119 notice To update run: [4mnpm install -g npm@11.19.0[24m
119 notice  { force: true, [Symbol(proc-log.meta)]: true }
120 verbose exit 0
121 info ok
